// Jest Snapshot v1, https://goo.gl/fbAQLP

exports[`<SearchField /> should render correctly 1`] = `ShallowWrapper {}`;
